TITLE:
【Bougou】 CRITICAL • CPUHigh • 告警中:3/已恢复:2

MARKDOWN:
<font color="#8C8C8C">2026-08-29 17:31:23 CST</font>

#### **摘要**

##### <font color="#FF4D4F">**🚨 触发中告警 [3]**</font>

- 10.30.1.160
- 10.30.1.162
- 10.30.1.163

##### <font color="#52C41A">**✅ 已恢复告警 [2]**</font>

- 10.30.1.161
- 10.30.1.164

#### **详情**

##### <font color="#FF4D4F">**🚨 触发中告警 [3]**</font>

> **告警实例**: <font color="#722ED1">10.30.1.160</font>
>
> **告警名称**: <font color="#1677FF">CPUHigh</font>
>
> **告警级别**: <font color="#FAAD14">**WARNING**</font>
>
> **地域**: <font color="#8C8C8C">region-x</font>
>
> **可用区**: <font color="#8C8C8C">zone-x</font>
>
> **产品**: <font color="#8C8C8C">product-x</font>
>
> **组件**: <font color="#8C8C8C">component-x</font>
>
> **告警状态**: 🚨 <font color="#CF1322">**FIRING**</font>
>
> **开始时间**: <font color="#8C8C8C">2021-03-30 20:17:50 CST</font>
>
> **结束时间**: <font color="#8C8C8C">未结束</font>
>
> **告警描述**: cpu usage is high than 20% for 5 minutes
>

---

> **告警实例**: <font color="#722ED1">10.30.1.162</font>
>
> **告警名称**: <font color="#1677FF">CPUHigh1</font>
>
> **告警级别**: <font color="#FF4D4F">**CRITICAL**</font>
>
> **地域**: <font color="#8C8C8C">region-x</font>
>
> **可用区**: <font color="#8C8C8C">zone-x</font>
>
> **产品**: <font color="#8C8C8C">product-x</font>
>
> **组件**: <font color="#8C8C8C">component-x</font>
>
> **告警状态**: 🚨 <font color="#CF1322">**FIRING**</font>
>
> **开始时间**: <font color="#8C8C8C">2021-03-30 20:17:50 CST</font>
>
> **结束时间**: <font color="#8C8C8C">未结束</font>
>
> **告警描述**: cpu usage is high than 20% for 5 minutes
>

---

> **告警实例**: <font color="#722ED1">10.30.1.163</font>
>
> **告警名称**: <font color="#1677FF">CPUHigh2</font>
>
> **告警级别**: <font color="#52C41A">**INFO**</font>
>
> **地域**: <font color="#8C8C8C">region-x</font>
>
> **可用区**: <font color="#8C8C8C">zone-x</font>
>
> **产品**: <font color="#8C8C8C">product-x</font>
>
> **组件**: <font color="#8C8C8C">component-x</font>
>
> **告警状态**: 🚨 <font color="#CF1322">**FIRING**</font>
>
> **开始时间**: <font color="#8C8C8C">2021-03-30 20:17:50 CST</font>
>
> **结束时间**: <font color="#8C8C8C">未结束</font>
>
> **告警描述**: cpu usage is high than 20% for 5 minutes
>

##### <font color="#52C41A">**✅ 已恢复告警 [2]**</font>

> **告警实例**: <font color="#722ED1">10.30.1.161</font>
>
> **告警名称**: <font color="#1677FF">CPUHigh</font>
>
> **告警级别**: <font color="#FAAD14">**WARNING**</font>
>
> **地域**: <font color="#8C8C8C">region-y</font>
>
> **可用区**: <font color="#8C8C8C">zone-y</font>
>
> **产品**: <font color="#8C8C8C">product-y</font>
>
> **组件**: <font color="#8C8C8C">component-y</font>
>
> **告警状态**: ✅ <font color="#52C41A">**RESOLVED**</font>
>
> **开始时间**: <font color="#8C8C8C">2021-03-30 20:17:50 CST</font>
>
> **结束时间**: <font color="#8C8C8C">2021-03-30 21:17:50 CST</font>
>

---

> **告警实例**: <font color="#722ED1">10.30.1.164</font>
>
> **告警名称**: <font color="#1677FF">CPUHigh</font>
>
> **告警级别**: <font color="#FAAD14">**WARNING**</font>
>
> **地域**: <font color="#8C8C8C">region-y</font>
>
> **可用区**: <font color="#8C8C8C">zone-y</font>
>
> **产品**: <font color="#8C8C8C">product-y</font>
>
> **组件**: <font color="#8C8C8C">component-y</font>
>
> **告警状态**: ✅ <font color="#52C41A">**RESOLVED**</font>
>
> **开始时间**: <font color="#8C8C8C">2021-03-30 20:17:50 CST</font>
>
> **结束时间**: <font color="#8C8C8C">2021-03-30 21:17:50 CST</font>
>
