TITLE:
【Bougou】 CRITICAL • CPUHigh • 告警中:3/已恢复:2

MARKDOWN:
<font color='grey'>2026-08-29 17:31:23 CST</font>

 ---
**摘要**

<font color='red'>🚨 触发中告警 [3]</font>


- <text_tag color='red'>10.30.1.160</text_tag>
- <text_tag color='red'>10.30.1.162</text_tag>
- <text_tag color='red'>10.30.1.163</text_tag>


<font color='green'>✅ 已恢复告警 [2]</font>


- <text_tag color='green'>10.30.1.161</text_tag>
- <text_tag color='green'>10.30.1.164</text_tag>


 ---
**详情**

<font color='red'>🚨 触发中告警 [3]</font>


- **告警实例**: <text_tag color='purple'>10.30.1.160</text_tag>
**告警名称**: <text_tag color='blue'>CPUHigh</text_tag>
**告警级别**: <text_tag color='yellow'>WARNING</text_tag>
**地域**: <text_tag color='neutral'>region-x</text_tag>
**可用区**: <text_tag color='neutral'>zone-x</text_tag>
**产品**: <text_tag color='neutral'>product-x</text_tag>
**组件**: <text_tag color='neutral'>component-x</text_tag>
**告警状态**: 🚨 <text_tag color='carmine'>FIRING</text_tag>
**开始时间**: <text_tag color='neutral'>2021-03-30 20:17:50 CST</text_tag>
**结束时间**: <text_tag color='neutral'>未结束</text_tag>
**告警描述**: cpu usage is high than 20% for 5 minutes


- **告警实例**: <text_tag color='purple'>10.30.1.162</text_tag>
**告警名称**: <text_tag color='blue'>CPUHigh1</text_tag>
**告警级别**: <text_tag color='red'>CRITICAL</text_tag>
**地域**: <text_tag color='neutral'>region-x</text_tag>
**可用区**: <text_tag color='neutral'>zone-x</text_tag>
**产品**: <text_tag color='neutral'>product-x</text_tag>
**组件**: <text_tag color='neutral'>component-x</text_tag>
**告警状态**: 🚨 <text_tag color='carmine'>FIRING</text_tag>
**开始时间**: <text_tag color='neutral'>2021-03-30 20:17:50 CST</text_tag>
**结束时间**: <text_tag color='neutral'>未结束</text_tag>
**告警描述**: cpu usage is high than 20% for 5 minutes


- **告警实例**: <text_tag color='purple'>10.30.1.163</text_tag>
**告警名称**: <text_tag color='blue'>CPUHigh2</text_tag>
**告警级别**: <text_tag color='lime'>INFO</text_tag>
**地域**: <text_tag color='neutral'>region-x</text_tag>
**可用区**: <text_tag color='neutral'>zone-x</text_tag>
**产品**: <text_tag color='neutral'>product-x</text_tag>
**组件**: <text_tag color='neutral'>component-x</text_tag>
**告警状态**: 🚨 <text_tag color='carmine'>FIRING</text_tag>
**开始时间**: <text_tag color='neutral'>2021-03-30 20:17:50 CST</text_tag>
**结束时间**: <text_tag color='neutral'>未结束</text_tag>
**告警描述**: cpu usage is high than 20% for 5 minutes


<font color='green'>✅ 已恢复告警 [2]</font>


- **告警实例**: <text_tag color='purple'>10.30.1.161</text_tag>
**告警名称**: <text_tag color='blue'>CPUHigh</text_tag>
**告警级别**: <text_tag color='yellow'>WARNING</text_tag>
**地域**: <text_tag color='neutral'>region-y</text_tag>
**可用区**: <text_tag color='neutral'>zone-y</text_tag>
**产品**: <text_tag color='neutral'>product-y</text_tag>
**组件**: <text_tag color='neutral'>component-y</text_tag>
**告警状态**: ✅ <text_tag color='green'>RESOLVED</text_tag>
**开始时间**: <text_tag color='neutral'>2021-03-30 20:17:50 CST</text_tag>
**结束时间**: <text_tag color='neutral'>2021-03-30 21:17:50 CST</text_tag>


- **告警实例**: <text_tag color='purple'>10.30.1.164</text_tag>
**告警名称**: <text_tag color='blue'>CPUHigh</text_tag>
**告警级别**: <text_tag color='yellow'>WARNING</text_tag>
**地域**: <text_tag color='neutral'>region-y</text_tag>
**可用区**: <text_tag color='neutral'>zone-y</text_tag>
**产品**: <text_tag color='neutral'>product-y</text_tag>
**组件**: <text_tag color='neutral'>component-y</text_tag>
**告警状态**: ✅ <text_tag color='green'>RESOLVED</text_tag>
**开始时间**: <text_tag color='neutral'>2021-03-30 20:17:50 CST</text_tag>
**结束时间**: <text_tag color='neutral'>2021-03-30 21:17:50 CST</text_tag>
