TITLE:
【Bougou】 CRITICAL • CPUHigh • Firing:3/Resolved:2

MARKDOWN:
<font color='grey'>2026-08-29 17:31:23 +08</font>

 ---
**Summary**

<font color='red'>🚨 Firing [3] alerts</font>


- <text_tag color='red'>10.30.1.160</text_tag>
- <text_tag color='red'>10.30.1.162</text_tag>
- <text_tag color='red'>10.30.1.163</text_tag>


<font color='green'>✅ Resolved [2] alerts</font>


- <text_tag color='green'>10.30.1.161</text_tag>
- <text_tag color='green'>10.30.1.164</text_tag>


 ---
**Detail**

<font color='red'>🚨 Firing [3] alerts</font>


- **Alert Instance**: <text_tag color='purple'>10.30.1.160</text_tag>
**Alert Name**: <text_tag color='blue'>CPUHigh</text_tag>
**Alert Level**: <text_tag color='yellow'>WARNING</text_tag>
**Region**: <text_tag color='neutral'>region-x</text_tag>
**Zone**: <text_tag color='neutral'>zone-x</text_tag>
**Product**: <text_tag color='neutral'>product-x</text_tag>
**Component**: <text_tag color='neutral'>component-x</text_tag>
**Alert Status**: 🚨 <text_tag color='carmine'>FIRING</text_tag>
**Start At**: <text_tag color='neutral'>2021-03-30 20:17:50 +08</text_tag>
**End At**: <text_tag color='neutral'>Not End</text_tag>
**Description**: cpu usage is high than 20% for 5 minutes


- **Alert Instance**: <text_tag color='purple'>10.30.1.162</text_tag>
**Alert Name**: <text_tag color='blue'>CPUHigh1</text_tag>
**Alert Level**: <text_tag color='red'>CRITICAL</text_tag>
**Region**: <text_tag color='neutral'>region-x</text_tag>
**Zone**: <text_tag color='neutral'>zone-x</text_tag>
**Product**: <text_tag color='neutral'>product-x</text_tag>
**Component**: <text_tag color='neutral'>component-x</text_tag>
**Alert Status**: 🚨 <text_tag color='carmine'>FIRING</text_tag>
**Start At**: <text_tag color='neutral'>2021-03-30 20:17:50 +08</text_tag>
**End At**: <text_tag color='neutral'>Not End</text_tag>
**Description**: cpu usage is high than 20% for 5 minutes


- **Alert Instance**: <text_tag color='purple'>10.30.1.163</text_tag>
**Alert Name**: <text_tag color='blue'>CPUHigh2</text_tag>
**Alert Level**: <text_tag color='lime'>INFO</text_tag>
**Region**: <text_tag color='neutral'>region-x</text_tag>
**Zone**: <text_tag color='neutral'>zone-x</text_tag>
**Product**: <text_tag color='neutral'>product-x</text_tag>
**Component**: <text_tag color='neutral'>component-x</text_tag>
**Alert Status**: 🚨 <text_tag color='carmine'>FIRING</text_tag>
**Start At**: <text_tag color='neutral'>2021-03-30 20:17:50 +08</text_tag>
**End At**: <text_tag color='neutral'>Not End</text_tag>
**Description**: cpu usage is high than 20% for 5 minutes


<font color='green'>✅ Resolved [2] alerts</font>


- **Alert Instance**: <text_tag color='purple'>10.30.1.161</text_tag>
**Alert Name**: <text_tag color='blue'>CPUHigh</text_tag>
**Alert Level**: <text_tag color='yellow'>WARNING</text_tag>
**Region**: <text_tag color='neutral'>region-y</text_tag>
**Zone**: <text_tag color='neutral'>zone-y</text_tag>
**Product**: <text_tag color='neutral'>product-y</text_tag>
**Component**: <text_tag color='neutral'>component-y</text_tag>
**Alert Status**: ✅ <text_tag color='green'>RESOLVED</text_tag>
**Start At**: <text_tag color='neutral'>2021-03-30 20:17:50 +08</text_tag>
**End At**: <text_tag color='neutral'>2021-03-30 21:17:50 +08</text_tag>


- **Alert Instance**: <text_tag color='purple'>10.30.1.164</text_tag>
**Alert Name**: <text_tag color='blue'>CPUHigh</text_tag>
**Alert Level**: <text_tag color='yellow'>WARNING</text_tag>
**Region**: <text_tag color='neutral'>region-y</text_tag>
**Zone**: <text_tag color='neutral'>zone-y</text_tag>
**Product**: <text_tag color='neutral'>product-y</text_tag>
**Component**: <text_tag color='neutral'>component-y</text_tag>
**Alert Status**: ✅ <text_tag color='green'>RESOLVED</text_tag>
**Start At**: <text_tag color='neutral'>2021-03-30 20:17:50 +08</text_tag>
**End At**: <text_tag color='neutral'>2021-03-30 21:17:50 +08</text_tag>
