TITLE:
【Bougou】 CRITICAL • CPUHigh • 告警中:3/已恢复:2

MARKDOWN:

<font color="comment">2026-08-29 17:31:23 CST</font>


#### 摘要


##### 🚨 <font color="warning">触发中告警 [3]</font>


• <font color="warning">10.30.1.160</font>
• <font color="warning">10.30.1.162</font>
• <font color="warning">10.30.1.163</font>


##### ✅ <font color="info">已恢复告警 [2]</font>


• <font color="info">10.30.1.161</font>
• <font color="info">10.30.1.164</font>


#### 详情


##### 🚨 <font color="warning">触发中告警 [3]</font>


> <font color="comment">实例</font>: `10.30.1.160`
> <font color="comment">告警名称</font>: CPUHigh
> <font color="comment">告警级别</font>: <font color="warning">WARNING</font>
> <font color="comment">地域</font>: region-x
> <font color="comment">可用区</font>: zone-x
> <font color="comment">产品</font>: product-x
> <font color="comment">组件</font>: component-x
> <font color="comment">告警状态</font>: 🚨 <font color="warning">FIRING</font>
> <font color="comment">开始</font>: 2021-03-30 20:17:50 CST
> <font color="comment">结束</font>: 未结束
> <font color="comment">告警描述</font>: cpu usage is high than 20% for 5 minutes


> <font color="comment">实例</font>: `10.30.1.162`
> <font color="comment">告警名称</font>: CPUHigh1
> <font color="comment">告警级别</font>: <font color="warning">CRITICAL</font>
> <font color="comment">地域</font>: region-x
> <font color="comment">可用区</font>: zone-x
> <font color="comment">产品</font>: product-x
> <font color="comment">组件</font>: component-x
> <font color="comment">告警状态</font>: 🚨 <font color="warning">FIRING</font>
> <font color="comment">开始</font>: 2021-03-30 20:17:50 CST
> <font color="comment">结束</font>: 未结束
> <font color="comment">告警描述</font>: cpu usage is high than 20% for 5 minutes


> <font color="comment">实例</font>: `10.30.1.163`
> <font color="comment">告警名称</font>: CPUHigh2
> <font color="comment">告警级别</font>: <font color="info">INFO</font>
> <font color="comment">地域</font>: region-x
> <font color="comment">可用区</font>: zone-x
> <font color="comment">产品</font>: product-x
> <font color="comment">组件</font>: component-x
> <font color="comment">告警状态</font>: 🚨 <font color="warning">FIRING</font>
> <font color="comment">开始</font>: 2021-03-30 20:17:50 CST
> <font color="comment">结束</font>: 未结束
> <font color="comment">告警描述</font>: cpu usage is high than 20% for 5 minutes


##### ✅ <font color="info">已恢复告警 [2]</font>


> <font color="comment">实例</font>: `10.30.1.161`
> <font color="comment">告警名称</font>: CPUHigh
> <font color="comment">告警级别</font>: <font color="warning">WARNING</font>
> <font color="comment">地域</font>: region-y
> <font color="comment">可用区</font>: zone-y
> <font color="comment">产品</font>: product-y
> <font color="comment">组件</font>: component-y
> <font color="comment">告警状态</font>: ✅ <font color="info">RESOLVED</font>
> <font color="comment">开始</font>: 2021-03-30 20:17:50 CST
> <font color="comment">结束</font>: 2021-03-30 21:17:50 CST


> <font color="comment">实例</font>: `10.30.1.164`
> <font color="comment">告警名称</font>: CPUHigh
> <font color="comment">告警级别</font>: <font color="warning">WARNING</font>
> <font color="comment">地域</font>: region-y
> <font color="comment">可用区</font>: zone-y
> <font color="comment">产品</font>: product-y
> <font color="comment">组件</font>: component-y
> <font color="comment">告警状态</font>: ✅ <font color="info">RESOLVED</font>
> <font color="comment">开始</font>: 2021-03-30 20:17:50 CST
> <font color="comment">结束</font>: 2021-03-30 21:17:50 CST
